ke->ke
collected 20 compile time samples
kke->ke
collected 20 compile time samples
kkke->ke
collected 20 compile time samples
kkkke->ke
collected 20 compile time samples
kkkkke->ke
collected 20 compile time samples
kkkkkke->ke
kkkkkkke->ke
kkkkkkkke->ke
(1/3) benchmarking "f_exec"...
  (1/5) benchmarking "kkkkke->ke"...
  done (took 140.925651921 seconds)
  (2/5) benchmarking "kke->ke"...
  done (took 140.407808833 seconds)
  (3/5) benchmarking "ke->ke"...
  done (took 140.464041382 seconds)
  (4/5) benchmarking "kkke->ke"...
  done (took 140.449573206 seconds)
  (5/5) benchmarking "kkkke->ke"...
  done (took 140.418118514 seconds)
done (took 716.795684728 seconds)
(2/3) benchmarking "f_gen"...
  (1/8) benchmarking "kkkkke->ke"...
  done (took 142.877386112 seconds)
  (2/8) benchmarking "kke->ke"...
  done (took 141.021561418 seconds)
  (3/8) benchmarking "ke->ke"...
  done (took 141.626159732 seconds)
  (4/8) benchmarking "kkkkkkkke->ke"...
  done (took 1752.2957523 seconds)
  (5/8) benchmarking "kkke->ke"...
  done (took 150.070978468 seconds)
  (6/8) benchmarking "kkkke->ke"...
  done (took 142.180275979 seconds)
  (7/8) benchmarking "kkkkkke->ke"...
  done (took 146.799053931 seconds)
  (8/8) benchmarking "kkkkkkke->ke"...
  done (took 174.068562247 seconds)
done (took 2804.997840072 seconds)
(3/3) benchmarking "graph_gen"...
  (1/8) benchmarking "kkkkke->ke"...
  done (took 140.627913883 seconds)
  (2/8) benchmarking "kke->ke"...
  done (took 143.65465779 seconds)
  (3/8) benchmarking "ke->ke"...
  done (took 140.073350942 seconds)
  (4/8) benchmarking "kkkkkkkke->ke"...
  done (took 204.177734195 seconds)
  (5/8) benchmarking "kkke->ke"...
  done (took 147.797589726 seconds)
  (6/8) benchmarking "kkkke->ke"...
  done (took 139.121439738 seconds)
  (7/8) benchmarking "kkkkkke->ke"...
  done (took 139.586346526 seconds)
  (8/8) benchmarking "kkkkkkke->ke"...
  done (took 150.796087621 seconds)
done (took 1221.122027487 seconds)
