   Resolving package versions...
  No Changes to `~/repos/ComputableDAGs.jl/Project.toml`
  No Changes to `~/repos/ComputableDAGs.jl/Manifest.toml`
ke->ke
collected 20 compile time samples
kke->ke
collected 20 compile time samples
kkke->ke
collected 20 compile time samples
kkkke->ke
collected 20 compile time samples
kkkkke->ke
collected 20 compile time samples
kkkkkke->ke
kkkkkkke->ke
kkkkkkkke->ke
(1/3) benchmarking "f_exec"...
  (1/5) benchmarking "kkkkke->ke"...
  done (took 160.473567423 seconds)
  (2/5) benchmarking "kke->ke"...
  done (took 160.574004351 seconds)
  (3/5) benchmarking "ke->ke"...
  done (took 160.366913279 seconds)
  (4/5) benchmarking "kkke->ke"...
  done (took 160.180350359 seconds)
  (5/5) benchmarking "kkkke->ke"...
  done (took 160.153412444 seconds)
done (took 827.218666611 seconds)
(2/3) benchmarking "f_gen"...
  (1/8) benchmarking "kkkkke->ke"...
  done (took 156.31404812 seconds)
  (2/8) benchmarking "kke->ke"...
  done (took 160.873579854 seconds)
  (3/8) benchmarking "ke->ke"...
  done (took 160.865291637 seconds)
  (4/8) benchmarking "kkkkkkkke->ke"...
  done (took 1985.99682167 seconds)
  (5/8) benchmarking "kkke->ke"...
  done (took 173.758949776 seconds)
  (6/8) benchmarking "kkkke->ke"...
  done (took 161.387372399 seconds)
  (7/8) benchmarking "kkkkkke->ke"...
  done (took 158.133420068 seconds)
  (8/8) benchmarking "kkkkkkke->ke"...
  done (took 190.659612779 seconds)
done (took 3173.305685787 seconds)
(3/3) benchmarking "graph_gen"...
  (1/8) benchmarking "kkkkke->ke"...
  done (took 161.670806099 seconds)
  (2/8) benchmarking "kke->ke"...
  done (took 160.642745757 seconds)
  (3/8) benchmarking "ke->ke"...
  done (took 160.598827844 seconds)
  (4/8) benchmarking "kkkkkkkke->ke"...
  done (took 338.187553882 seconds)
  (5/8) benchmarking "kkke->ke"...
  done (took 170.093644565 seconds)
  (6/8) benchmarking "kkkke->ke"...
  done (took 161.122833947 seconds)
  (7/8) benchmarking "kkkkkke->ke"...
  done (took 162.903910287 seconds)
  (8/8) benchmarking "kkkkkkke->ke"...
  done (took 165.678966506 seconds)
done (took 1506.784498219 seconds)
