AB->AB
collected 20 compile time samples
AB->ABBB
collected 20 compile time samples
AB->ABBBBB
collected 20 compile time samples
AB->ABBBBBBB
AB->ABBBBBBBBB
   Resolving package versions...
  No Changes to `~/repos/ComputableDAGs.jl/Project.toml`
  No Changes to `~/repos/ComputableDAGs.jl/Manifest.toml`
(1/3) benchmarking "f_exec"...
  (1/3) benchmarking "AB->ABBBBB"...
  done (took 205.567425354 seconds)
  (2/3) benchmarking "AB->AB"...
  done (took 205.315124885 seconds)
  (3/3) benchmarking "AB->ABBB"...
  done (took 205.222699732 seconds)
done (took 672.142914373 seconds)
(2/3) benchmarking "f_gen"...
  (1/5) benchmarking "AB->ABBBBB"...
  done (took 206.606256066 seconds)
  (2/5) benchmarking "AB->AB"...
  done (took 205.491435492 seconds)
  (3/5) benchmarking "AB->ABBBBBBB"...
  done (took 225.465709691 seconds)
  (4/5) benchmarking "AB->ABBBBBBBBB"...
  done (took 6712.431308003 seconds)
  (5/5) benchmarking "AB->ABBB"...
  done (took 240.728042685 seconds)
done (took 7646.855033608 seconds)
(3/3) benchmarking "graph_gen"...
  (1/5) benchmarking "AB->ABBBBB"...
  done (took 205.608037672 seconds)
  (2/5) benchmarking "AB->AB"...
  done (took 205.674005062 seconds)
  (3/5) benchmarking "AB->ABBBBBBB"...
  done (took 213.303047528 seconds)
  (4/5) benchmarking "AB->ABBBBBBBBB"...
  done (took 310.470991234 seconds)
  (5/5) benchmarking "AB->ABBB"...
  done (took 207.580596003 seconds)
done (took 1198.73345784 seconds)
