AB->AB
collected 20 compile time samples
AB->ABBB
collected 20 compile time samples
AB->ABBBBB
collected 20 compile time samples
AB->ABBBBBBB
AB->ABBBBBBBBB
   Resolving package versions...
  No Changes to `~/repos/ComputableDAGs.jl/Project.toml`
  No Changes to `~/repos/ComputableDAGs.jl/Manifest.toml`
┌ Warning: Circular dependency detected.
│ Precompilation will be skipped for dependencies in this cycle:
│  ┌ ComputableDAGs
│  └─ QEDFeynman
└ @ Base.Precompilation precompilation.jl:650
(1/3) benchmarking "f_exec"...
  (1/3) benchmarking "AB->ABBBBB"...
  done (took 166.863594243 seconds)
  (2/3) benchmarking "AB->AB"...
  done (took 166.372748087 seconds)
  (3/3) benchmarking "AB->ABBB"...
  done (took 165.654404305 seconds)
done (took 530.188029825 seconds)
(2/3) benchmarking "f_gen"...
  (1/5) benchmarking "AB->ABBBBB"...
  done (took 166.670220278 seconds)
  (2/5) benchmarking "AB->AB"...
  done (took 165.389480184 seconds)
  (3/5) benchmarking "AB->ABBBBBBB"...
  done (took 185.981707637 seconds)
  (4/5) benchmarking "AB->ABBBBBBBBB"...
  done (took 5900.237182657 seconds)
  (5/5) benchmarking "AB->ABBB"...
  done (took 191.684384241 seconds)
done (took 6640.870818675 seconds)
(3/3) benchmarking "graph_gen"...
  (1/5) benchmarking "AB->ABBBBB"...
  done (took 167.22276747 seconds)
  (2/5) benchmarking "AB->AB"...
  done (took 167.481833387 seconds)
  (3/5) benchmarking "AB->ABBBBBBB"...
  done (took 167.568941578 seconds)
  (4/5) benchmarking "AB->ABBBBBBBBB"...
  done (took 368.704779053 seconds)
  (5/5) benchmarking "AB->ABBB"...
  done (took 171.55152659 seconds)
done (took 1073.762978795 seconds)
