   Resolving package versions...
  No Changes to `~/repos/ComputableDAGs.jl/Project.toml`
  No Changes to `~/repos/ComputableDAGs.jl/Manifest.toml`
[ Info: == Reductions benchmark ==
[ Info: ke->ke
[ Info:     Steps: 0
[ Info: kke->ke
[ Info:     Steps: 0
[ Info:     Steps: 10
[ Info:     Steps: 20
[ Info: kkke->ke
[ Info:     Steps: 0
[ Info:     Steps: 10
[ Info:     Steps: 20
[ Info:     Steps: 30
[ Info:     Steps: 40
[ Info:     Steps: 50
[ Info:     Steps: 60
[ Info:     Steps: 70
[ Info:     Steps: 80
[ Info: kkkke->ke
[ Info:     Steps: 0
[ Info:     Steps: 10
[ Info:     Steps: 20
[ Info:     Steps: 30
[ Info:     Steps: 40
[ Info:     Steps: 50
[ Info:     Steps: 60
[ Info:     Steps: 70
[ Info:     Steps: 80
[ Info:     Steps: 90
[ Info:     Steps: 100
[ Info:     Steps: 110
[ Info:     Steps: 120
[ Info:     Steps: 130
[ Info:     Steps: 140
[ Info:     Steps: 150
[ Info:     Steps: 160
[ Info:     Steps: 170
[ Info:     Steps: 180
[ Info:     Steps: 190
[ Info:     Steps: 200
[ Info:     Steps: 210
[ Info:     Steps: 220
[ Info:     Steps: 230
[ Info:     Steps: 240
[ Info:     Steps: 250
[ Info:     Steps: 260
[ Info:     Steps: 270
[ Info:     Steps: 280
[ Info: kkkkke->ke
[ Info:     Steps: 0
[ Info:     Steps: 10
[ Info:     Steps: 20
[ Info:     Steps: 30
[ Info:     Steps: 40
[ Info:     Steps: 50
[ Info:     Steps: 60
[ Info:     Steps: 70
[ Info:     Steps: 80
[ Info:     Steps: 90
[ Info:     Steps: 100
[ Info:     Steps: 110
[ Info:     Steps: 120
[ Info:     Steps: 130
[ Info:     Steps: 140
[ Info:     Steps: 150
[ Info:     Steps: 160
[ Info:     Steps: 170
[ Info:     Steps: 180
[ Info:     Steps: 190
[ Info:     Steps: 200
[ Info:     Steps: 210
[ Info:     Steps: 220
[ Info:     Steps: 230
[ Info:     Steps: 240
[ Info:     Steps: 250
[ Info:     Steps: 260
[ Info:     Steps: 270
[ Info:     Steps: 280
[ Info:     Steps: 290
[ Info:     Steps: 300
[ Info:     Steps: 310
[ Info:     Steps: 320
[ Info:     Steps: 330
[ Info:     Steps: 340
[ Info:     Steps: 350
[ Info:     Steps: 360
[ Info:     Steps: 370
[ Info:     Steps: 380
[ Info:     Steps: 390
[ Info:     Steps: 400
[ Info:     Steps: 410
[ Info:     Steps: 420
[ Info:     Steps: 430
[ Info:     Steps: 440
[ Info:     Steps: 450
[ Info:     Steps: 460
[ Info:     Steps: 470
[ Info:     Steps: 480
[ Info:     Steps: 490
[ Info:     Steps: 500
[ Info:     Steps: 510
[ Info:     Steps: 520
[ Info:     Steps: 530
[ Info:     Steps: 540
[ Info:     Steps: 550
[ Info:     Steps: 560
[ Info:     Steps: 570
[ Info:     Steps: 580
[ Info:     Steps: 590
[ Info:     Steps: 600
[ Info:     Steps: 610
[ Info:     Steps: 620
[ Info:     Steps: 630
[ Info:     Steps: 640
[ Info:     Steps: 650
[ Info:     Steps: 660
[ Info:     Steps: 670
[ Info:     Steps: 680
[ Info:     Steps: 690
[ Info:     Steps: 700
[ Info:     Steps: 710
[ Info:     Steps: 720
[ Info:     Steps: 730
[ Info:     Steps: 740
[ Info:     Steps: 750
[ Info:     Steps: 760
[ Info:     Steps: 770
