   Resolving package versions...
  No Changes to `~/repos/ComputableDAGs.jl/Project.toml`
  No Changes to `~/repos/ComputableDAGs.jl/Manifest.toml`
[ Info: == CPU vs GPU benchmark ==
[ Info: ke->ke
[ Info: kke->ke
[ Info: kkke->ke
[ Info: kkkke->ke
[ Info: kkkkke->ke
[ Info: kkkkkke->ke
(1/6) tuning "kkkkke->ke"...
  (1/2) tuning "CPU"...
  done (took 128.543805367 seconds)
  (2/2) tuning "GPU"...
  done (took 232.966040333 seconds)
done (took 362.57856843 seconds)
(2/6) tuning "kke->ke"...
  (1/2) tuning "CPU"...
  done (took 121.673617125 seconds)
  (2/2) tuning "GPU"...
  done (took 29.81198149 seconds)
done (took 152.484418142 seconds)
(3/6) tuning "ke->ke"...
  (1/2) tuning "CPU"...
  done (took 121.803939259 seconds)
  (2/2) tuning "GPU"...
  done (took 19.366071536 seconds)
done (took 142.190875526 seconds)
(4/6) tuning "kkke->ke"...
  (1/2) tuning "CPU"...
  done (took 125.166953385 seconds)
  (2/2) tuning "GPU"...
  done (took 95.760719276 seconds)
done (took 221.950853147 seconds)
(5/6) tuning "kkkke->ke"...
  (1/2) tuning "CPU"...
  done (took 125.781991799 seconds)
  (2/2) tuning "GPU"...
  done (took 129.970031892 seconds)
done (took 256.777363346 seconds)
(6/6) tuning "kkkkkke->ke"...
  (1/2) tuning "CPU"...
  done (took 206.366227449 seconds)
  (2/2) tuning "GPU"...
  done (took 2110.584251493 seconds)
done (took 2317.961993976 seconds)
(1/6) benchmarking "kkkkke->ke"...
  (1/2) benchmarking "CPU"...
  done (took 123.557793466 seconds)
  (2/2) benchmarking "GPU"...
  done (took 67.842326058 seconds)
done (took 192.497295554 seconds)
(2/6) benchmarking "kke->ke"...
  (1/2) benchmarking "CPU"...
  done (took 121.453849271 seconds)
  (2/2) benchmarking "GPU"...
  done (took 1.599554167 seconds)
done (took 124.077564672 seconds)
(3/6) benchmarking "ke->ke"...
  (1/2) benchmarking "CPU"...
  done (took 121.453952978 seconds)
  (2/2) benchmarking "GPU"...
  done (took 1.393501729 seconds)
done (took 123.868280905 seconds)
(4/6) benchmarking "kkke->ke"...
  (1/2) benchmarking "CPU"...
  done (took 121.733596615 seconds)
  (2/2) benchmarking "GPU"...
  done (took 2.935315474 seconds)
done (took 125.690556603 seconds)
(5/6) benchmarking "kkkke->ke"...
  (1/2) benchmarking "CPU"...
  done (took 121.780015433 seconds)
  (2/2) benchmarking "GPU"...
  done (took 13.657879411 seconds)
done (took 136.460391233 seconds)
(6/6) benchmarking "kkkkkke->ke"...
  (1/2) benchmarking "CPU"...
  done (took 132.947807708 seconds)
  (2/2) benchmarking "GPU"...
  done (took 121.066354931 seconds)
done (took 255.037207474 seconds)
